{
  "version": "1.5.0",
  "plugins_used": [
    {
      "name": "ArtifactoryDetector"
    },
    {
      "name": "AWSKeyDetector"
    },
    {
      "name": "AzureStorageKeyDetector"
    },
    {
      "name": "Base64HighEntropyString",
      "limit": 4.5
    },
    {
      "name": "BasicAuthDetector"
    },
    {
      "name": "CloudantDetector"
    },
    {
      "name": "DiscordBotTokenDetector"
    },
    {
      "name": "GitHubTokenDetector"
    },
    {
      "name": "GitLabTokenDetector"
    },
    {
      "name": "HexHighEntropyString",
      "limit": 3.0
    },
    {
      "name": "IbmCloudIamDetector"
    },
    {
      "name": "IbmCosHmacDetector"
    },
    {
      "name": "IPPublicDetector"
    },
    {
      "name": "JwtTokenDetector"
    },
    {
      "name": "KeywordDetector",
      "keyword_exclude": ""
    },
    {
      "name": "MailchimpDetector"
    },
    {
      "name": "NpmDetector"
    },
    {
      "name": "OpenAIDetector"
    },
    {
      "name": "PrivateKeyDetector"
    },
    {
      "name": "PypiTokenDetector"
    },
    {
      "name": "SendGridDetector"
    },
    {
      "name": "SlackDetector"
    },
    {
      "name": "SoftlayerDetector"
    },
    {
      "name": "SquareOAuthDetector"
    },
    {
      "name": "StripeDetector"
    },
    {
      "name": "TelegramBotTokenDetector"
    },
    {
      "name": "TwilioKeyDetector"
    }
  ],
  "filters_used": [
    {
      "path": "detect_secrets.filters.allowlist.is_line_allowlisted"
    },
    {
      "path": "detect_secrets.filters.common.is_ignored_due_to_verification_policies",
      "min_level": 2
    },
    {
      "path": "detect_secrets.filters.heuristic.is_indirect_reference"
    },
    {
      "path": "detect_secrets.filters.heuristic.is_likely_id_string"
    },
    {
      "path": "detect_secrets.filters.heuristic.is_lock_file"
    },
    {
      "path": "detect_secrets.filters.heuristic.is_not_alphanumeric_string"
    },
    {
      "path": "detect_secrets.filters.heuristic.is_potential_uuid"
    },
    {
      "path": "detect_secrets.filters.heuristic.is_prefixed_with_dollar_sign"
    },
    {
      "path": "detect_secrets.filters.heuristic.is_sequential_string"
    },
    {
      "path": "detect_secrets.filters.heuristic.is_swagger_file"
    },
    {
      "path": "detect_secrets.filters.heuristic.is_templated_secret"
    }
  ],
  "results": {
    ".bmad-core/install-manifest.yaml": [
      {
        "type": "Hex High Entropy String",
        "filename": ".bmad-core/install-manifest.yaml",
        "hashed_secret": "2adcb7a39dc885afe6be642f9fd02e1025ebb217",
        "is_verified": false,
        "line_number": 15
      },
      {
        "type": "Hex High Entropy String",
        "filename": ".bmad-core/install-manifest.yaml",
        "hashed_secret": "6a36539a4a0a9f5fb32d7606e1c48aa684645c1b",
        "is_verified": false,
        "line_number": 18
      },
      {
        "type": "Hex High Entropy String",
        "filename": ".bmad-core/install-manifest.yaml",
        "hashed_secret": "5b9c119f7b3aa4bf4f73490c5084229ef094fb75",
        "is_verified": false,
        "line_number": 21
      },
      {
        "type": "Hex High Entropy String",
        "filename": ".bmad-core/install-manifest.yaml",
        "hashed_secret": "b44001e02944bd90e5ea1fb6f4a94bc3a47e3df2",
        "is_verified": false,
        "line_number": 30
      },
      {
        "type": "Hex High Entropy String",
        "filename": ".bmad-core/install-manifest.yaml",
        "hashed_secret": "2ca09cb442ef4414306e1003df19362fc3450696",
        "is_verified": false,
        "line_number": 33
      },
      {
        "type": "Hex High Entropy String",
        "filename": ".bmad-core/install-manifest.yaml",
        "hashed_secret": "7033130224241451240684b23af62bbe2be8fe56",
        "is_verified": false,
        "line_number": 36
      },
      {
        "type": "Hex High Entropy String",
        "filename": ".bmad-core/install-manifest.yaml",
        "hashed_secret": "3518c5152194b695c514d0fc45cb2f2b1c0941d0",
        "is_verified": false,
        "line_number": 39
      },
      {
        "type": "Hex High Entropy String",
        "filename": ".bmad-core/install-manifest.yaml",
        "hashed_secret": "619123d6bc2637cb9ae2b5310c2595ed522ddd9b",
        "is_verified": false,
        "line_number": 45
      },
      {
        "type": "Hex High Entropy String",
        "filename": ".bmad-core/install-manifest.yaml",
        "hashed_secret": "94c49c1c7421bc57f4e0a230c8b8fdd14a618fc0",
        "is_verified": false,
        "line_number": 48
      },
      {
        "type": "Hex High Entropy String",
        "filename": ".bmad-core/install-manifest.yaml",
        "hashed_secret": "b58194dd0a72074bf8ca97a2756ef4675e5130d7",
        "is_verified": false,
        "line_number": 57
      },
      {
        "type": "Hex High Entropy String",
        "filename": ".bmad-core/install-manifest.yaml",
        "hashed_secret": "1a6c05a61dc9b19a93a83b9fe2c3b7a25c8d6a25",
        "is_verified": false,
        "line_number": 60
      },
      {
        "type": "Hex High Entropy String",
        "filename": ".bmad-core/install-manifest.yaml",
        "hashed_secret": "d99b44739061d1d83739618c6d8438cc001892cc",
        "is_verified": false,
        "line_number": 66
      },
      {
        "type": "Hex High Entropy String",
        "filename": ".bmad-core/install-manifest.yaml",
        "hashed_secret": "4b98db6fe50dbba7af9bc4bf59145441f3521ea3",
        "is_verified": false,
        "line_number": 69
      },
      {
        "type": "Hex High Entropy String",
        "filename": ".bmad-core/install-manifest.yaml",
        "hashed_secret": "dd8ee99fe1a35b2cafacdfaef367a0700bb4d272",
        "is_verified": false,
        "line_number": 72
      },
      {
        "type": "Hex High Entropy String",
        "filename": ".bmad-core/install-manifest.yaml",
        "hashed_secret": "45a55597bb6ffb5f9767f980519936c0a7f5a251",
        "is_verified": false,
        "line_number": 75
      },
      {
        "type": "Hex High Entropy String",
        "filename": ".bmad-core/install-manifest.yaml",
        "hashed_secret": "6bd502e5733eb0f7091b0ee4aee157c8d4804bd7",
        "is_verified": false,
        "line_number": 78
      },
      {
        "type": "Hex High Entropy String",
        "filename": ".bmad-core/install-manifest.yaml",
        "hashed_secret": "4b04edaecbf929045c87d966f3ee48f15da26eee",
        "is_verified": false,
        "line_number": 81
      },
      {
        "type": "Hex High Entropy String",
        "filename": ".bmad-core/install-manifest.yaml",
        "hashed_secret": "2819b31b73311c68de5b0edf37f089a6d4f921d6",
        "is_verified": false,
        "line_number": 84
      },
      {
        "type": "Hex High Entropy String",
        "filename": ".bmad-core/install-manifest.yaml",
        "hashed_secret": "4a73c7f880a13d7f97054cbba1def4585f56fc0b",
        "is_verified": false,
        "line_number": 87
      },
      {
        "type": "Hex High Entropy String",
        "filename": ".bmad-core/install-manifest.yaml",
        "hashed_secret": "bccd1199b7c51923214e5d7148c0ad364d1e2cc3",
        "is_verified": false,
        "line_number": 90
      },
      {
        "type": "Hex High Entropy String",
        "filename": ".bmad-core/install-manifest.yaml",
        "hashed_secret": "405dfac2f40d7105f0550f3191da8a00069e04ef",
        "is_verified": false,
        "line_number": 93
      },
      {
        "type": "Hex High Entropy String",
        "filename": ".bmad-core/install-manifest.yaml",
        "hashed_secret": "64a7c0930b9bc76b3ab949011073bd334a29ebc6",
        "is_verified": false,
        "line_number": 96
      },
      {
        "type": "Hex High Entropy String",
        "filename": ".bmad-core/install-manifest.yaml",
        "hashed_secret": "c29bc7c6046988eb227fb65de51fbb2f4eba74c3",
        "is_verified": false,
        "line_number": 99
      },
      {
        "type": "Hex High Entropy String",
        "filename": ".bmad-core/install-manifest.yaml",
        "hashed_secret": "790a5c6d38de182240fe8b9f5014becd67e767f0",
        "is_verified": false,
        "line_number": 105
      },
      {
        "type": "Hex High Entropy String",
        "filename": ".bmad-core/install-manifest.yaml",
        "hashed_secret": "514f88c1284d0b4c54536c7044402a5115d1340c",
        "is_verified": false,
        "line_number": 108
      },
      {
        "type": "Hex High Entropy String",
        "filename": ".bmad-core/install-manifest.yaml",
        "hashed_secret": "7f9e9cf2a07ee49c144e7745f21529bf48f19956",
        "is_verified": false,
        "line_number": 114
      },
      {
        "type": "Hex High Entropy String",
        "filename": ".bmad-core/install-manifest.yaml",
        "hashed_secret": "7b9d3405efc239ee852b7434bd8f8e70c255bc34",
        "is_verified": false,
        "line_number": 117
      },
      {
        "type": "Hex High Entropy String",
        "filename": ".bmad-core/install-manifest.yaml",
        "hashed_secret": "9e592d41a74ae85ca72b620d8be0823cd29b478e",
        "is_verified": false,
        "line_number": 120
      },
      {
        "type": "Hex High Entropy String",
        "filename": ".bmad-core/install-manifest.yaml",
        "hashed_secret": "20d5163193df7fa0dc378ce42579ca047e3c03ec",
        "is_verified": false,
        "line_number": 123
      },
      {
        "type": "Hex High Entropy String",
        "filename": ".bmad-core/install-manifest.yaml",
        "hashed_secret": "e41f9a41faa3e97a8f21900794e703d814c56722",
        "is_verified": false,
        "line_number": 126
      },
      {
        "type": "Hex High Entropy String",
        "filename": ".bmad-core/install-manifest.yaml",
        "hashed_secret": "8d5ec70faeb8dd17036459fcef99d8f774268246",
        "is_verified": false,
        "line_number": 129
      },
      {
        "type": "Hex High Entropy String",
        "filename": ".bmad-core/install-manifest.yaml",
        "hashed_secret": "508b92e81193aaf3e90fdb0a5de5aa6fb5088f48",
        "is_verified": false,
        "line_number": 132
      },
      {
        "type": "Hex High Entropy String",
        "filename": ".bmad-core/install-manifest.yaml",
        "hashed_secret": "2e5faa323676c2c4e53f0873f115a94b46c50899",
        "is_verified": false,
        "line_number": 135
      },
      {
        "type": "Hex High Entropy String",
        "filename": ".bmad-core/install-manifest.yaml",
        "hashed_secret": "3d70b2afab6137c9421216f79a881906187eabd7",
        "is_verified": false,
        "line_number": 138
      },
      {
        "type": "Hex High Entropy String",
        "filename": ".bmad-core/install-manifest.yaml",
        "hashed_secret": "3834917ef2eb890cad61e6f704df6d77032d04f3",
        "is_verified": false,
        "line_number": 141
      },
      {
        "type": "Hex High Entropy String",
        "filename": ".bmad-core/install-manifest.yaml",
        "hashed_secret": "1da59b7194b3e7889b067523acdd74009b8e1224",
        "is_verified": false,
        "line_number": 144
      },
      {
        "type": "Hex High Entropy String",
        "filename": ".bmad-core/install-manifest.yaml",
        "hashed_secret": "044aafee42a8a7e1ff5d355da75e719290ad3f4a",
        "is_verified": false,
        "line_number": 147
      },
      {
        "type": "Hex High Entropy String",
        "filename": ".bmad-core/install-manifest.yaml",
        "hashed_secret": "2e41ded1d725900636e77d7f1bc3666a1a3cb499",
        "is_verified": false,
        "line_number": 150
      },
      {
        "type": "Hex High Entropy String",
        "filename": ".bmad-core/install-manifest.yaml",
        "hashed_secret": "18dfe295c9a902f8eec60282ef95b5487887ae59",
        "is_verified": false,
        "line_number": 153
      },
      {
        "type": "Hex High Entropy String",
        "filename": ".bmad-core/install-manifest.yaml",
        "hashed_secret": "5173989a754f4fbdcdfbe102cfabaa24adf0cfc5",
        "is_verified": false,
        "line_number": 156
      },
      {
        "type": "Hex High Entropy String",
        "filename": ".bmad-core/install-manifest.yaml",
        "hashed_secret": "9274c5a0ec8d56a75c7028451794ea4c222360eb",
        "is_verified": false,
        "line_number": 162
      },
      {
        "type": "Hex High Entropy String",
        "filename": ".bmad-core/install-manifest.yaml",
        "hashed_secret": "9273410e3ae2aa56a2610ff13dc9c66bfe4291ae",
        "is_verified": false,
        "line_number": 174
      },
      {
        "type": "Hex High Entropy String",
        "filename": ".bmad-core/install-manifest.yaml",
        "hashed_secret": "a261319001eb08d198a3c223de75b0212e097181",
        "is_verified": false,
        "line_number": 177
      },
      {
        "type": "Hex High Entropy String",
        "filename": ".bmad-core/install-manifest.yaml",
        "hashed_secret": "49584c3c32c5d737fbfd0958f9503b596f1e9da2",
        "is_verified": false,
        "line_number": 183
      },
      {
        "type": "Hex High Entropy String",
        "filename": ".bmad-core/install-manifest.yaml",
        "hashed_secret": "773c274bd14c28241991c8716e30971e2c590408",
        "is_verified": false,
        "line_number": 186
      },
      {
        "type": "Hex High Entropy String",
        "filename": ".bmad-core/install-manifest.yaml",
        "hashed_secret": "074eb51dcc8fe6535afaa45f223dc7abb5ca0f21",
        "is_verified": false,
        "line_number": 189
      },
      {
        "type": "Hex High Entropy String",
        "filename": ".bmad-core/install-manifest.yaml",
        "hashed_secret": "94066fd41f4a27a844744a32b3113c36a1a6b0e8",
        "is_verified": false,
        "line_number": 192
      },
      {
        "type": "Hex High Entropy String",
        "filename": ".bmad-core/install-manifest.yaml",
        "hashed_secret": "ac669e894941d494b042be7a6ef52f11711459e9",
        "is_verified": false,
        "line_number": 195
      },
      {
        "type": "Hex High Entropy String",
        "filename": ".bmad-core/install-manifest.yaml",
        "hashed_secret": "0172094518af8dcd5d463468d7d9dde3afada952",
        "is_verified": false,
        "line_number": 198
      },
      {
        "type": "Hex High Entropy String",
        "filename": ".bmad-core/install-manifest.yaml",
        "hashed_secret": "72dd2f4e3dc365facc8b0960cab49d8cc51a4cd2",
        "is_verified": false,
        "line_number": 201
      },
      {
        "type": "Hex High Entropy String",
        "filename": ".bmad-core/install-manifest.yaml",
        "hashed_secret": "418eac02709f699873e027554cccc09290e62d62",
        "is_verified": false,
        "line_number": 204
      },
      {
        "type": "Hex High Entropy String",
        "filename": ".bmad-core/install-manifest.yaml",
        "hashed_secret": "0a17240b8e20bddbba8ce7cfba643bb5350eaa4b",
        "is_verified": false,
        "line_number": 207
      },
      {
        "type": "Hex High Entropy String",
        "filename": ".bmad-core/install-manifest.yaml",
        "hashed_secret": "d28750ea73050d0cb3a0ec1f46d0097b565fa0d5",
        "is_verified": false,
        "line_number": 213
      },
      {
        "type": "Hex High Entropy String",
        "filename": ".bmad-core/install-manifest.yaml",
        "hashed_secret": "d1050d993a448ae27a8782b38fe469471bb1e22b",
        "is_verified": false,
        "line_number": 216
      },
      {
        "type": "Hex High Entropy String",
        "filename": ".bmad-core/install-manifest.yaml",
        "hashed_secret": "afe61d269ddc8b2e35dcd54a86cd7fe2f9d6336d",
        "is_verified": false,
        "line_number": 219
      },
      {
        "type": "Hex High Entropy String",
        "filename": ".bmad-core/install-manifest.yaml",
        "hashed_secret": "8ab299a3e0470a4da312c927a97324e9189e21a5",
        "is_verified": false,
        "line_number": 225
      },
      {
        "type": "Hex High Entropy String",
        "filename": ".bmad-core/install-manifest.yaml",
        "hashed_secret": "ac2ad00b76ce1270c96712864dfd78660dad49cd",
        "is_verified": false,
        "line_number": 228
      },
      {
        "type": "Hex High Entropy String",
        "filename": ".bmad-core/install-manifest.yaml",
        "hashed_secret": "202d4c8dae2508d162469bdc9419cbd5c187b957",
        "is_verified": false,
        "line_number": 231
      }
    ],
    ".bmad-core/tasks/generate-ai-frontend-prompt.md": [
      {
        "type": "Secret Keyword",
        "filename": ".bmad-core/tasks/generate-ai-frontend-prompt.md",
        "hashed_secret": "ecb252044b5ea0f679ee78ec1a12904739e2904d",
        "is_verified": false,
        "line_number": 35
      }
    ],
    ".claude/commands/BMad/tasks/generate-ai-frontend-prompt.md": [
      {
        "type": "Secret Keyword",
        "filename": ".claude/commands/BMad/tasks/generate-ai-frontend-prompt.md",
        "hashed_secret": "ecb252044b5ea0f679ee78ec1a12904739e2904d",
        "is_verified": false,
        "line_number": 39
      }
    ],
    "AGENTS.md": [
      {
        "type": "Secret Keyword",
        "filename": "AGENTS.md",
        "hashed_secret": "ecb252044b5ea0f679ee78ec1a12904739e2904d",
        "is_verified": false,
        "line_number": 3210
      }
    ],
    "web-bundles/agents/bmad-master.txt": [
      {
        "type": "Secret Keyword",
        "filename": "web-bundles/agents/bmad-master.txt",
        "hashed_secret": "ecb252044b5ea0f679ee78ec1a12904739e2904d",
        "is_verified": false,
        "line_number": 1764
      }
    ],
    "web-bundles/agents/ux-expert.txt": [
      {
        "type": "Secret Keyword",
        "filename": "web-bundles/agents/ux-expert.txt",
        "hashed_secret": "ecb252044b5ea0f679ee78ec1a12904739e2904d",
        "is_verified": false,
        "line_number": 323
      }
    ],
    "web-bundles/expansion-packs/bmad-godot-game-dev/agents/game-ux-expert.txt": [
      {
        "type": "Secret Keyword",
        "filename": "web-bundles/expansion-packs/bmad-godot-game-dev/agents/game-ux-expert.txt",
        "hashed_secret": "ecb252044b5ea0f679ee78ec1a12904739e2904d",
        "is_verified": false,
        "line_number": 132
      }
    ],
    "web-bundles/expansion-packs/bmad-godot-game-dev/teams/godot-game-team.txt": [
      {
        "type": "Secret Keyword",
        "filename": "web-bundles/expansion-packs/bmad-godot-game-dev/teams/godot-game-team.txt",
        "hashed_secret": "ecb252044b5ea0f679ee78ec1a12904739e2904d",
        "is_verified": false,
        "line_number": 13701
      }
    ],
    "web-bundles/teams/team-all.txt": [
      {
        "type": "Secret Keyword",
        "filename": "web-bundles/teams/team-all.txt",
        "hashed_secret": "ecb252044b5ea0f679ee78ec1a12904739e2904d",
        "is_verified": false,
        "line_number": 11153
      }
    ],
    "web-bundles/teams/team-fullstack.txt": [
      {
        "type": "Secret Keyword",
        "filename": "web-bundles/teams/team-fullstack.txt",
        "hashed_secret": "ecb252044b5ea0f679ee78ec1a12904739e2904d",
        "is_verified": false,
        "line_number": 5376
      }
    ]
  },
  "generated_at": "2025-10-03T23:44:51Z"
}
